# 8、存储管理

## 查看磁盘信息

### `ll /dev/sd*`
```shell script
[root@localhost ~]# ls -l /dev/sd*
brw-rw----. 1 root disk 8,  0 Dec  3 21:51 /dev/sda
brw-rw----. 1 root disk 8,  1 Dec  3 21:51 /dev/sda1
brw-rw----. 1 root disk 8,  2 Dec  3 21:51 /dev/sda2
brw-rw----. 1 root disk 8, 16 Dec  3 21:51 /dev/sdb


```

### `lsblk`

```shell script
[root@localhost ~]# lsblk 
NAME        MAJ:MIN RM  SIZE RO TYPE MOUNTPOINT
sda           8:0    0   20G  0 disk 
├─sda1        8:1    0    1G  0 part /boot
└─sda2        8:2    0   19G  0 part 
  ├─cs-root 253:0    0   17G  0 lvm  /
  └─cs-swap 253:1    0    2G  0 lvm  [SWAP]
sdb           8:16   0   20G  0 disk 
sr0          11:0    1  788M  0 rom  /run/media/root/CentOS-Stream-8-x86_64-dvd
```

## 创建分区

### `fsisk`

```shell script
[root@localhost ~]# fdisk /dev/sdb 

Welcome to fdisk (util-linux 2.32.1).
Changes will remain in memory only, until you decide to write them.
Be careful before using the write command.

Device does not contain a recognized partition table.
Created a new DOS disklabel with disk identifier 0xe3c113e1.

Command (m for help): m

Help:

  DOS (MBR)
   a   toggle a bootable flag
   b   edit nested BSD disklabel
   c   toggle the dos compatibility flag

  Generic
   d   delete a partition
   F   list free unpartitioned space
   l   list known partition types
   n   add a new partition
   p   print the partition table
   t   change a partition type
   v   verify the partition table
   i   print information about a partition

  Misc
   m   print this menu
   u   change display/entry units
   x   extra functionality (experts only)

  Script
   I   load disk layout from sfdisk script file
   O   dump disk layout to sfdisk script file

  Save & Exit
   w   write table to disk and exit
   q   quit without saving changes

  Create a new label
   g   create a new empty GPT partition table
   G   create a new empty SGI (IRIX) partition table
   o   create a new empty DOS partition table
   s   create a new empty Sun partition table


Command (m for help): n
Partition type
   p   primary (0 primary, 0 extended, 4 free)
   e   extended (container for logical partitions)
Select (default p): p
Partition number (1-4, default 1): 1
First sector (2048-41943039, default 2048): 
Last sector, +sectors or +size{K,M,G,T,P} (2048-41943039, default 41943039): 

Created a new partition 1 of type 'Linux' and of size 20 GiB.

Command (m for help): w
The partition table has been altered.
Calling ioctl() to re-read partition table.
Syncing disks.

[root@localhost ~]# 

```

## 刷新分区

```shell script
[root@localhost ~]# partprobe /dev/sdb

```

## 查看分区

```shell script
[root@localhost ~]# fdisk -l /dev/sdb
Disk /dev/sdb: 20 GiB, 21474836480 bytes, 41943040 sectors
Units: sectors of 1 * 512 = 512 bytes
Sector size (logical/physical): 512 bytes / 512 bytes
I/O size (minimum/optimal): 512 bytes / 512 bytes
Disklabel type: dos
Disk identifier: 0xe3c113e1

Device     Boot Start      End  Sectors Size Id Type
/dev/sdb1        2048 41943039 41940992  20G 83 Linux

```

```shell script
[root@localhost ~]# lsblk 
NAME        MAJ:MIN RM  SIZE RO TYPE MOUNTPOINT
sda           8:0    0   20G  0 disk 
├─sda1        8:1    0    1G  0 part /boot
└─sda2        8:2    0   19G  0 part 
  ├─cs-root 253:0    0   17G  0 lvm  /
  └─cs-swap 253:1    0    2G  0 lvm  [SWAP]
sdb           8:16   0   20G  0 disk 
└─sdb1        8:17   0   20G  0 part 
sr0          11:0    1  788M  0 rom  /run/media/root/CentOS-Stream-8-x86_64-dvd

```

## 创建文件系统（格式化）

```shell script
[root@localhost ~]# mkfs.ext4 /dev/sdb1 
mke2fs 1.45.6 (20-Mar-2020)
Creating filesystem with 5242624 4k blocks and 1310720 inodes
Filesystem UUID: 88814f05-50d4-433f-9345-0e63129510ec
Superblock backups stored on blocks: 
	32768, 98304, 163840, 229376, 294912, 819200, 884736, 1605632, 2654208, 
	4096000

Allocating group tables: done                            
Writing inode tables: done                            
Creating journal (32768 blocks): done
Writing superblocks and filesystem accounting information: done   
```

## 挂载磁盘

```shell script
[root@localhost ~]# mount -t ext4 /dev/sdb1 /mnt/disk1/
[root@localhost ~]# df -hT
Filesystem          Type      Size  Used Avail Use% Mounted on
devtmpfs            devtmpfs  1.8G     0  1.8G   0% /dev
tmpfs               tmpfs     1.9G     0  1.9G   0% /dev/shm
tmpfs               tmpfs     1.9G  9.8M  1.9G   1% /run
tmpfs               tmpfs     1.9G     0  1.9G   0% /sys/fs/cgroup
/dev/mapper/cs-root xfs        17G  5.1G   12G  30% /
/dev/sda1           xfs      1014M  254M  761M  26% /boot
tmpfs               tmpfs     371M   32K  371M   1% /run/user/0
/dev/sr0            iso9660   788M  788M     0 100% /run/media/root/CentOS-Stream-8-x86_64-dvd
/dev/sdb1           ext4       20G   45M   19G   1% /mnt/disk1

```

## 扩展分区

### 查看分区信息（目前没有扩展分区，只有一个20G主分区）

```
Command (m for help): p
Disk /dev/sdb: 20 GiB, 21474836480 bytes, 41943040 sectors
Units: sectors of 1 * 512 = 512 bytes
Sector size (logical/physical): 512 bytes / 512 bytes
I/O size (minimum/optimal): 512 bytes / 512 bytes
Disklabel type: dos
Disk identifier: 0xe3c113e1

Device     Boot Start      End  Sectors Size Id Type
/dev/sdb1        2048 41943039 41940992  20G 83 Linux

```

### 删除分区

```shell script
Command (m for help): d
Selected partition 1
Partition 1 has been deleted.

```

### 新建扩展分区

```shell script
[root@localhost ~]# fdisk -l
Disk /dev/sdb: 20 GiB, 21474836480 bytes, 41943040 sectors
Units: sectors of 1 * 512 = 512 bytes
Sector size (logical/physical): 512 bytes / 512 bytes
I/O size (minimum/optimal): 512 bytes / 512 bytes
Disklabel type: dos
Disk identifier: 0xe3c113e1

Device     Boot    Start      End  Sectors Size Id Type
/dev/sdb1           2048 20973567 20971520  10G 83 Linux
/dev/sdb2       20973568 25167871  4194304   2G 83 Linux
/dev/sdb3       25167872 29362175  4194304   2G 83 Linux
/dev/sdb4       29362176 41943039 12580864   6G  5 Extended


Disk /dev/sda: 20 GiB, 21474836480 bytes, 41943040 sectors
Units: sectors of 1 * 512 = 512 bytes
Sector size (logical/physical): 512 bytes / 512 bytes
I/O size (minimum/optimal): 512 bytes / 512 bytes
Disklabel type: dos
Disk identifier: 0x5116c48d

Device     Boot   Start      End  Sectors Size Id Type
/dev/sda1  *       2048  2099199  2097152   1G 83 Linux
/dev/sda2       2099200 41943039 39843840  19G 8e Linux LVM


Disk /dev/mapper/cs-root: 17 GiB, 18249416704 bytes, 35643392 sectors
Units: sectors of 1 * 512 = 512 bytes
Sector size (logical/physical): 512 bytes / 512 bytes
I/O size (minimum/optimal): 512 bytes / 512 bytes


Disk /dev/mapper/cs-swap: 2 GiB, 2147483648 bytes, 4194304 sectors
Units: sectors of 1 * 512 = 512 bytes
Sector size (logical/physical): 512 bytes / 512 bytes
I/O size (minimum/optimal): 512 bytes / 512 bytes

```
### 新建逻辑分区

```shell script
Welcome to fdisk (util-linux 2.32.1).
Changes will remain in memory only, until you decide to write them.
Be careful before using the write command.


Command (m for help): p
Disk /dev/sdb: 20 GiB, 21474836480 bytes, 41943040 sectors
Units: sectors of 1 * 512 = 512 bytes
Sector size (logical/physical): 512 bytes / 512 bytes
I/O size (minimum/optimal): 512 bytes / 512 bytes
Disklabel type: dos
Disk identifier: 0xe3c113e1

Device     Boot    Start      End  Sectors Size Id Type
/dev/sdb1           2048 20973567 20971520  10G 83 Linux
/dev/sdb2       20973568 25167871  4194304   2G 83 Linux
/dev/sdb3       25167872 29362175  4194304   2G 83 Linux
/dev/sdb4       29362176 41943039 12580864   6G  5 Extended

```

### 逻辑分区5，6，7

```shell script
[root@localhost ~]# fdisk /dev/sdb

Welcome to fdisk (util-linux 2.32.1).
Changes will remain in memory only, until you decide to write them.
Be careful before using the write command.


Command (m for help): n
All primary partitions are in use.
Adding logical partition 5
First sector (29364224-41943039, default 29364224): 
Last sector, +sectors or +size{K,M,G,T,P} (29364224-41943039, default 41943039): +200M

Created a new partition 5 of type 'Linux' and of size 200 MiB.

Command (m for help): n
All primary partitions are in use.
Adding logical partition 6
First sector (29775872-41943039, default 29775872): 
Last sector, +sectors or +size{K,M,G,T,P} (29775872-41943039, default 41943039): +200M

Created a new partition 6 of type 'Linux' and of size 200 MiB.

```

### 查看逻辑分区

```shell script
[root@localhost ~]# fdisk /dev/sdb -l
Disk /dev/sdb: 20 GiB, 21474836480 bytes, 41943040 sectors
Units: sectors of 1 * 512 = 512 bytes
Sector size (logical/physical): 512 bytes / 512 bytes
I/O size (minimum/optimal): 512 bytes / 512 bytes
Disklabel type: dos
Disk identifier: 0xe3c113e1

Device     Boot    Start      End  Sectors  Size Id Type
/dev/sdb1           2048 20973567 20971520   10G 83 Linux
/dev/sdb2       20973568 25167871  4194304    2G 83 Linux
/dev/sdb3       25167872 29362175  4194304    2G 83 Linux
/dev/sdb4       29362176 41943039 12580864    6G  5 Extended
/dev/sdb5       29364224 29773823   409600  200M 83 Linux
/dev/sdb6       29775872 30185471   409600  200M 83 Linux

```

```shell script
[root@localhost ~]# lsblk 
NAME        MAJ:MIN RM  SIZE RO TYPE MOUNTPOINT
sda           8:0    0   20G  0 disk 
├─sda1        8:1    0    1G  0 part /boot
└─sda2        8:2    0   19G  0 part 
  ├─cs-root 253:0    0   17G  0 lvm  /
  └─cs-swap 253:1    0    2G  0 lvm  [SWAP]
sdb           8:16   0   20G  0 disk 
├─sdb1        8:17   0   10G  0 part 
├─sdb2        8:18   0    2G  0 part 
├─sdb3        8:19   0    2G  0 part 
├─sdb4        8:20   0    1K  0 part 
├─sdb5        8:21   0  200M  0 part 
└─sdb6        8:22   0  200M  0 part 
sr0          11:0    1  788M  0 rom  /run/media/root/CentOS-Stream-8-x86_64-dvd
```

## 交换分区


### 查看分区类型

```shell script
Command (m for help): l

 0  Empty           24  NEC DOS         81  Minix / old Lin bf  Solaris        
 1  FAT12           27  Hidden NTFS Win 82  Linux swap / So c1  DRDOS/sec (FAT-
 2  XENIX root      39  Plan 9          83  Linux           c4  DRDOS/sec (FAT-
 3  XENIX usr       3c  PartitionMagic  84  OS/2 hidden or  c6  DRDOS/sec (FAT-
 4  FAT16 <32M      40  Venix 80286     85  Linux extended  c7  Syrinx         
 5  Extended        41  PPC PReP Boot   86  NTFS volume set da  Non-FS data    
 6  FAT16           42  SFS             87  NTFS volume set db  CP/M / CTOS / .
 7  HPFS/NTFS/exFAT 4d  QNX4.x          88  Linux plaintext de  Dell Utility   
 8  AIX             4e  QNX4.x 2nd part 8e  Linux LVM       df  BootIt         
 9  AIX bootable    4f  QNX4.x 3rd part 93  Amoeba          e1  DOS access     
 a  OS/2 Boot Manag 50  OnTrack DM      94  Amoeba BBT      e3  DOS R/O        
 b  W95 FAT32       51  OnTrack DM6 Aux 9f  BSD/OS          e4  SpeedStor      
 c  W95 FAT32 (LBA) 52  CP/M            a0  IBM Thinkpad hi ea  Rufus alignment
 e  W95 FAT16 (LBA) 53  OnTrack DM6 Aux a5  FreeBSD         eb  BeOS fs        
 f  W95 Ext'd (LBA) 54  OnTrackDM6      a6  OpenBSD         ee  GPT            
10  OPUS            55  EZ-Drive        a7  NeXTSTEP        ef  EFI (FAT-12/16/
11  Hidden FAT12    56  Golden Bow      a8  Darwin UFS      f0  Linux/PA-RISC b
12  Compaq diagnost 5c  Priam Edisk     a9  NetBSD          f1  SpeedStor      
14  Hidden FAT16 <3 61  SpeedStor       ab  Darwin boot     f4  SpeedStor      
16  Hidden FAT16    63  GNU HURD or Sys af  HFS / HFS+      f2  DOS secondary  
17  Hidden HPFS/NTF 64  Novell Netware  b7  BSDI fs         fb  VMware VMFS    
18  AST SmartSleep  65  Novell Netware  b8  BSDI swap       fc  VMware VMKCORE 
1b  Hidden W95 FAT3 70  DiskSecure Mult bb  Boot Wizard hid fd  Linux raid auto
1c  Hidden W95 FAT3 75  PC/IX           bc  Acronis FAT32 L fe  LANstep        
1e  Hidden W95 FAT1 80  Old Minix       be  Solaris boot    ff  BBT   
```

### 创建交换分区

```shell script
Command (m for help): t
Partition number (1-7, default 7): 
Hex code (type L to list all codes): 82

Changed type of partition 'Linux' to 'Linux swap / Solaris'.

Command (m for help): w
The partition table has been altered.
Calling ioctl() to re-read partition table.
Syncing disks.
[root@localhost ~]# partprobe /dev/sdb
[root@localhost ~]# fdisk /dev/sdb

Welcome to fdisk (util-linux 2.32.1).
Changes will remain in memory only, until you decide to write them.
Be careful before using the write command.


Command (m for help): p
Disk /dev/sdb: 20 GiB, 21474836480 bytes, 41943040 sectors
Units: sectors of 1 * 512 = 512 bytes
Sector size (logical/physical): 512 bytes / 512 bytes
I/O size (minimum/optimal): 512 bytes / 512 bytes
Disklabel type: dos
Disk identifier: 0xe3c113e1

Device     Boot    Start      End  Sectors  Size Id Type
/dev/sdb1           2048 20973567 20971520   10G 83 Linux
/dev/sdb2       20973568 25167871  4194304    2G 83 Linux
/dev/sdb3       25167872 29362175  4194304    2G 83 Linux
/dev/sdb4       29362176 41943039 12580864    6G  5 Extended
/dev/sdb5       29364224 29773823   409600  200M 83 Linux
/dev/sdb6       29775872 30185471   409600  200M 83 Linux
/dev/sdb7       30187520 41943039 11755520  5.6G 82 Linux swap / Solaris


[root@localhost ~]# mkswap /dev/sdb7 
Setting up swapspace version 1, size = 5.6 GiB (6018822144 bytes)
no label, UUID=bf605ba4-2bf0-47e5-a2be-bbfbe2e4f58f
[root@localhost ~]# swapon /dev/sdb7 
[root@localhost ~]# free -m
              total        used        free      shared  buff/cache   available
Mem:           3709        1121        1675          20         913        2336
Swap:          7787           0        7787

```

### 卸载交换分区

```shell script
[root@localhost ~]# swapoff /dev/sdb7 
[root@localhost ~]# free -m
              total        used        free      shared  buff/cache   available
Mem:           3709        1118        1678          20         913        2339
Swap:          2047           0        2047
[root@localhost ~]# 

```

## 扩容

### `PV`创建物理卷

```shell script
[root@localhost ~]# lsblk 
NAME        MAJ:MIN RM  SIZE RO TYPE MOUNTPOINT
sda           8:0    0   20G  0 disk 
├─sda1        8:1    0    1G  0 part /boot
└─sda2        8:2    0   19G  0 part 
  ├─cs-root 253:0    0   17G  0 lvm  /
  └─cs-swap 253:1    0    2G  0 lvm  [SWAP]
sdb           8:16   0   20G  0 disk 
├─sdb1        8:17   0   10G  0 part 
├─sdb2        8:18   0    2G  0 part 
├─sdb3        8:19   0    2G  0 part 
├─sdb4        8:20   0    1K  0 part 
├─sdb5        8:21   0  200M  0 part 
├─sdb6        8:22   0  200M  0 part 
└─sdb7        8:23   0  5.6G  0 part 
sdc           8:32   0    1G  0 disk 
sdd           8:48   0    1G  0 disk 
sr0          11:0    1  788M  0 rom  /run/media/root/CentOS-Stream-8-x86_64-dvd
[root@localhost ~]# pvcreate /dev/sdc
  Physical volume "/dev/sdc" successfully created.
```

### `VG`创建卷组

```shell script
[root@localhost ~]# vgcreate vg001 /dev/sdc 
  Volume group "vg001" successfully created
```

### `LV`创建逻辑卷

可以随意修改磁盘空间

```shell script
[root@localhost ~]# lvcreate -L 100M -n lv1 vg001
  Logical volume "lv1" created.
```

### 逻辑盘挂载`/dev/mapper/vg001-lv1`

```shell script
[root@localhost ~]# mkdir /mnt/lv1
[root@localhost ~]# mkfs.ext4 /dev/vg001/lv1 
mke2fs 1.45.6 (20-Mar-2020)
Creating filesystem with 102400 1k blocks and 25688 inodes
Filesystem UUID: 627e33d8-95f0-4e5b-81bb-5ea2606bfe0d
Superblock backups stored on blocks: 
	8193, 24577, 40961, 57345, 73729

Allocating group tables: done                            
Writing inode tables: done                            
Creating journal (4096 blocks): done
Writing superblocks and filesystem accounting information: done 

[root@localhost ~]# mount /dev/vg001/lv1 /mnt/lv1/
[root@localhost ~]# ls -hT
ls: option requires an argument -- 'T'
Try 'ls --help' for more information.
[root@localhost ~]# df -hT
Filesystem            Type      Size  Used Avail Use% Mounted on
devtmpfs              devtmpfs  1.8G     0  1.8G   0% /dev
tmpfs                 tmpfs     1.9G     0  1.9G   0% /dev/shm
tmpfs                 tmpfs     1.9G  9.8M  1.9G   1% /run
tmpfs                 tmpfs     1.9G     0  1.9G   0% /sys/fs/cgroup
/dev/mapper/cs-root   xfs        17G  5.1G   12G  30% /
/dev/sda1             xfs      1014M  254M  761M  26% /boot
tmpfs                 tmpfs     371M   28K  371M   1% /run/user/0
/dev/sr0              iso9660   788M  788M     0 100% /run/media/root/CentOS-Stream-8-x86_64-dvd
/dev/mapper/vg001-lv1 ext4       93M  1.6M   85M   2% /mnt/lv1

```

## 扩展卷组容量（扩大vg001/lv1容量100M）

```shell script
[root@localhost ~]# pvcreate /dev/sdd 
  Physical volume "/dev/sdd" successfully created.
[root@localhost ~]# pvs
  PV         VG    Fmt  Attr PSize    PFree  
  /dev/sda2  cs    lvm2 a--   <19.00g      0 
  /dev/sdc   vg001 lvm2 a--  1020.00m 920.00m
  /dev/sdd         lvm2 ---     1.00g   1.00g


[root@localhost ~]# vgs
  VG    #PV #LV #SN Attr   VSize    VFree  
  cs      1   2   0 wz--n-  <19.00g      0 
  vg001   1   1   0 wz--n- 1020.00m 920.00m
[root@localhost ~]# vgextend vg001 /dev/sdd 
  Volume group "vg001" successfully extended
[root@localhost ~]# vgs
  VG    #PV #LV #SN Attr   VSize   VFree
  cs      1   2   0 wz--n- <19.00g    0 
  vg001   2   1   0 wz--n-   1.99g 1.89g
[root@localhost ~]# lvextend -L +100M /dev/vg001/lv1
  Size of logical volume vg001/lv1 changed from 100.00 MiB (25 extents) to 200.00 MiB (50 extents).
  Logical volume vg001/lv1 successfully resized.
[root@localhost ~]# resize
resize2fs   resizecons  resizepart  
[root@localhost ~]# resize
resize2fs   resizecons  resizepart  
[root@localhost ~]# resize2fs /dev/vg
vg001/       vga_arbiter  
[root@localhost ~]# resize2fs /dev/vg001/lv1 
resize2fs 1.45.6 (20-Mar-2020)
Filesystem at /dev/vg001/lv1 is mounted on /mnt/lv1; on-line resizing required
old_desc_blocks = 1, new_desc_blocks = 2
The filesystem on /dev/vg001/lv1 is now 204800 (1k) blocks long.

[root@localhost ~]# df -h
Filesystem             Size  Used Avail Use% Mounted on
devtmpfs               1.8G     0  1.8G   0% /dev
tmpfs                  1.9G     0  1.9G   0% /dev/shm
tmpfs                  1.9G  9.8M  1.9G   1% /run
tmpfs                  1.9G     0  1.9G   0% /sys/fs/cgroup
/dev/mapper/cs-root     17G  5.1G   12G  30% /
/dev/sda1             1014M  254M  761M  26% /boot
tmpfs                  371M   28K  371M   1% /run/user/0
/dev/sr0               788M  788M     0 100% /run/media/root/CentOS-Stream-8-x86_64-dvd
/dev/mapper/vg001-lv1  190M  1.6M  178M   1% /mnt/lv1

```
